Ticket ABC-123
Workspace: <WORKSPACE>
Scanned repositories: 1
Touched repositories: 1
Total commits: 2

[a-service] <WORKSPACE>/a-service (git)
  ticket commits: 2
  branches seen: dev, test
  risk signals:
    - db-change (manual-review): Database-related changes should be reviewed before promotion [db/migrations/001_add_column.sql]
  commits:
    - <HASH>  ABC-123 | service-a | add migration
      branches: dev
    - <HASH>  ABC-123 | service-a | add validation fix
      branches: dev, test
