{
  "command": "plan",
  "workspace": "<WORKSPACE>",
  "plan": {
    "ticketId": "ABC-123",
    "fromBranch": "test",
    "toBranch": "main",
    "environments": [
      {
        "Name": "dev",
        "Branch": "dev"
      },
      {
        "Name": "test",
        "Branch": "test"
      },
      {
        "Name": "prod",
        "Branch": "main"
      }
    ],
    "summary": {
      "scannedRepositories": 1,
      "touchedRepositories": 1,
      "readyRepositories": 0,
      "warningRepositories": 0,
      "blockedRepositories": 1,
      "totalCommitsToPromote": 1,
      "totalManualSteps": 1
    },
    "verdict": "blocked",
    "notes": [
      "Resolve blocked repositories before promoting this ticket."
    ],
    "repositories": [
      {
        "repository": {
          "Name": "a-service",
          "Root": "<WORKSPACE>/a-service",
          "Type": "git",
          "CurrentBranch": "test"
        },
        "compare": {
          "FromBranch": "test",
          "ToBranch": "main",
          "SourceCommits": [
            {
              "Hash": "<HASH>",
              "Subject": "ABC-123 | service-a | add validation fix",
              "Branches": [
                "test"
              ]
            }
          ],
          "TargetCommits": [],
          "MissingCommits": [
            {
              "Hash": "<HASH>",
              "Subject": "ABC-123 | service-a | add validation fix",
              "Branches": [
                "test"
              ]
            }
          ]
        },
        "branches": [
          "dev",
          "test"
        ],
        "riskSignals": [
          {
            "Code": "db-change",
            "Level": "manual-review",
            "Summary": "Database-related changes should be reviewed before promotion",
            "Examples": [
              "db/migrations/001_add_column.sql"
            ]
          }
        ],
        "environmentStatuses": [
          {
            "Environment": {
              "Name": "dev",
              "Branch": "dev"
            },
            "State": "present",
            "CommitCount": 2,
            "MissingFromPrevious": 0
          },
          {
            "Environment": {
              "Name": "test",
              "Branch": "test"
            },
            "State": "behind",
            "CommitCount": 1,
            "MissingFromPrevious": 1
          },
          {
            "Environment": {
              "Name": "prod",
              "Branch": "main"
            },
            "State": "behind",
            "CommitCount": 0,
            "MissingFromPrevious": 1
          }
        ],
        "manualSteps": [
          {
            "code": "review-db-rollout",
            "summary": "Review DB migration ordering, rollback steps, and deployment timing before promotion."
          }
        ],
        "actions": [
          {
            "code": "sync-source-environment",
            "summary": "Bring test up to date before promoting to main."
          },
          {
            "code": "include-missing-commits",
            "summary": "Include 1 missing ticket commit(s) from test into main."
          }
        ],
        "verdict": "blocked",
        "notes": [
          "Source branch test is behind an earlier environment by 1 commit(s)."
        ]
      }
    ]
  }
}
